// Jest Snapshot v1, https://goo.gl/fbAQLP

exports[`instrumentsS: sum function should return an addition of two arguments 1`] = `9`;
